431
a a a a a a a a a a a a a a a a a a a a a a a a a a a a a a a a a a a a a a a a a a a a a a a a a a a a a a a a a a a a a a a a a a a a a a a a a a a a a a a a a a a a a a a a a a a a a a a a a a a a a a a a a a a a a a a a a a a a a a a a a a a a a a a a a a a a a a a a a a a a a a a a a a a a a a a a a a a a a a a a a a a a a a a a a a a a a a a a a a a a a a a a a a a a a a a a a a a a a a a a a a a a a a a a a a a a a a a a a a a a a a a a a a a a a a a a a a a a a a a a a a a a a a a a a a a a a a a a a a a a a a a a a a a a a a a a a a a a a a a a a a a a a a a a a a a a a a a a a a a a a a a a a a a a a a a a a a a a a a a a a a a a a a a a a a a a a a a a a a a a a a a a a a a a
aa aa aa aa aa aa aa aa aa aa aa aa aa aa aa aa aa aa aa aa aa aa aa aa aa aa aa aa aa aa aa aa aa aa aa aa aa aa aa aa aa aa aa aa aa aa aa aa aa aa aa aa aa aa aa aa aa aa aa aa aa aa
aaa aaa aaa aaa aaa aaa aaa aaa aaa aaa
aaaa aaaa
aaaaa
aaaaae
aaaac aaaca caaaa
aaaad aadaa daaaa
aaaaee aeaaae
aaab aaab aaab aaba aaba baaa baaa
aaabd aaadb aaadb aadab aadba abaad abaad abada adaab adbaa baaad baaad baaad baada baada badaa daaba
aaabda aaabda aabaad abaada abadaa abadaa bdaaaa daabaa
aaabe aaabe aaabe aaaeb aabea abaae aeaba aebaa eaaba
aaabea aaeaba aeaaab aebaaa
aaabec abeaca acbeaa aeacab aebaac aecbaa bceaaa beaaac caabae caabae eaabca eaacab eacaba ebacaa ecbaaa
aaac aaac aaca aaca aaca aaca aaca aaca acaa acaa acaa caaa caaa
aaacab aaacba aabcaa acbaaa
aaaccb acaacb bccaaa bccaaa cbaaca
aaace aacae aacea aeaac caaea ceaaa
aaad aada aada aada aada adaa adaa adaa adaa daaa
aaadae aaedaa adaeaa adeaaa aeaaad
aaadc aacad aacda aacda aacda acaad acdaa caaad daaca daaca dcaaa dcaaa
aaadcb aacdab aadacb abadac adacab adbaca adbaca baacad badaac bdaaca bdcaaa caaabd caabda caadba daacab
aaadcd aadadc cdaada cdadaa daaacd daadac dacada ddaaac
aaadd aaadd aadda daaad
aaadde aaaded aadead aaedda adadea adaead addeaa adeaad aeaadd aeddaa daaeda daeada ddaaae
aaade aaeda adeaa adeaa aeaad aeaad aeada aedaa daaae daeaa eaada
aaae aaae aaea aaea aaea aaea aaea aeaa aeaa eaaa eaaa eaaa eaaa eaaa
aaaecc aacaec aeaacc ccaaea ceaaca ceaaca eaccaa
aaaece aaaeec acaeea aeeaac eaaaec eaeaca eeaaca eeacaa eecaaa
aaaee aeeaa eaaae eaaea eaaea
aaaeeb aaebae abaeae abeaae baaeea baeaea eaabae eaeaab ebaaae eebaaa
aab aab aab aab aab aab aab aab aab aab aab aab aab aab aab aba aba aba aba aba aba baa baa baa baa baa baa baa baa baa baa baa baa baa baa
aabab aabab abbaa baaab baaab
aababc aabcab abaabc abacab abbaac baaabc caabba cbabaa
aabaed abaade abdaae adbaea adbaea baedaa bedaaa daabae dabaae eabada
aabb aabb abab abba abba baba baba baba baba bbaa bbaa
aabbb abbba abbba abbba babab babba bbaab bbaba
aabbba aabbba abbaab baabba babbaa
aabbbc ababbc acbabb bababc bacbab bbabac bbacba bbcaba bcabab cabbba cbabab
aabbc aacbb aacbb ababc abcab abcab abcab acabb acbba acbba baabc babac bacab bacba bbaac bbcaa bcbaa cabab cbbaa
aabbd aabbd abbad abbda abdab baadb babda badba bbaad bbdaa bdaab bdaba bdbaa bdbaa dabab dbaab dbaab dbaba dbaba
aabbe ababe abbae abbea abbea abeab abeab abeab aebab aebba baabe baaeb babae baeab baeba bbeaa bebaa eabba eabba
aabbee aaebbe ababee aeebba baabee babaee baebae baeeab beaaeb bebaae bebaea eaabbe eababe eaebba ebaaeb ebbaae ebeaab eeaabb eebaba
aabc aabc aabc aacb aacb aacb abac abac acab acab acab acab acba acba acba acba acba acba acba baac baac baac baac baca baca baca baca baca baca baca bcaa caab caab caab caba cbaa
aabca aacba abaca abaca baaac bcaaa cabaa
aabccb aaccbb acbcab acbcba babcac bbccaa caacbb cababc ccabab ccabab ccabba
aabce aacbe aaebc aaebc abace abcea abeca acabe acbae aecba baace baace bacae bcaea bcaea bceaa beaac caabe cbeaa ceaab eaabc eaabc eabac eacab ecbaa ecbaa
aabceb abceab acabeb acbeab aebbac baceba baecab bcaeab beabac cbaeba ceaabb eaacbb eabcba ebcaba ecaabb ecbaab ecbaba
aabd aadb aadb aadb abad abad abda abda abda adab adba adba adba adba baad baad baad baad baad bada bdaa bdaa bdaa bdaa bdaa bdaa daab daab daba daba daba daba daba dbaa dbaa dbaa dbaa dbaa
aabdba aadbab aadbab abaabd abadab abbada baabda babaad badbaa bbaaad bdaaba daabba
aabdd aabdd aaddb aaddb aaddb abdad adadb adbda addba badda bddaa dabad dabda dadba dbada ddaba
aabe aaeb aaeb abae abae abae abae abea aeab aeab aeab aeba aeba aeba aeba baae baae baae baea baea baea baea baea baea beaa eaab eaab eaab eaab eaba eaba eaba eaba eaba eaba ebaa ebaa
aabedb aaebdb abadbe abdbea aebadb babdae baebda bdaeab bdbeaa bdbeaa dbabae dbaeab ebbaad ebbaad edbbaa
aabee abeea aebae baaee baeae beaea eabae eabea ebaea ebeaa
aac aac aac aac aac aac aac aac aac aac aac aac aac aac aac aac aac aca aca aca aca aca aca aca aca aca aca aca aca aca aca aca aca aca caa caa caa caa caa caa caa caa caa caa caa caa caa caa caa caa
aacac acaac acaac caaca ccaaa
aacbc aacbc aaccb acbca baacc baacc bacca bacca bcaac bcaca bcaca bccaa cabac cabac cabac cabca cacab cacba cbaca cbcaa
aacbce abccea abccea abecca acaecb aeabcc aeaccb baccae bcacae bceaac cabcea cacaeb cacbae caeabc cbacea cceaab ceabca cebaca eacacb eaccab ecabca ecacab
aacbd aacbd aadcb abadc abcad abcda acbad acbad acdab acdba adacb adacb adbca adcab adcba adcba badca bcaad bdaac caabd cabda cbdaa cdaba cdbaa dabac dabac dbaca dbcaa dcaba dcbaa dcbaa dcbaa
aacbde aaedcb abaced abadec abaecd abcaed abdaec abdcae acdabe acdbae acdeab aceadb acedba adcabe adeacb aebdca aecdba aecdba badaec bcadea bdaace bdacae bdacea bdeaca beaacd becdaa caabed cadeab cbaaed cbeaad cdaabe cdaabe cdaeab cdbaea cdbeaa ceaadb dbaeca dcbaae dcbaae deacab decaab eadabc edaacb
aacc aacc aacc aacc acac acac acac acca caac caac caac caca caca caca caca ccaa
aaccc acacc accac accac accca caacc caacc cacca
aacce aacec acace acaec aceac aeacc aecac caace ccaae ceaac eaacc ecaac ecaac ecaca ecaca ecaca
aacd aacd aacd aadc aadc aadc aadc acad acad acad acad acad acda acda adac adca adca caad caad cada cada cada cada cdaa cdaa cdaa cdaa cdaa cdaa cdaa daac daac daac daac daca dcaa
aacdac caaadc daaacc
aacdae aadeca acdaae acdeaa adaaec adaeac adcaae adecaa aeacda aeacda caadae cadaea cdaaae cdaaea daaace dacaae dacaae eaadac eacada ecdaaa edacaa
aacdbd aacddb addcab bcdaad cabdad cabdda cbaadd cbdada cbdada cdadba cdbada daabcd dabcda dacbad dacbda dbadca dbdcaa ddbcaa
aacdc aacdc aacdc aacdc acacd cadac cadac cdaca dacac dacca
aacddc acaddc accadd acdcda adcdac cdaacd cdcaad dcaacd dcadca dccaad dcdaac dcdaca dcdcaa ddacca ddccaa
aacde aacde aaced aaedc acaed acdae acead adaec adaec adcae caade caade caeda cdaae daace daaec daeac daeca dcaae dcaae dcaae deaca eacda eacda ecaad ecdaa edaac edaca
aace aace aaec aaec acae acae acae acea acea aeac aeca aeca caae caea caea ceaa ceaa ceaa eaac eaac eaac eaac eaca eaca eaca eaca eaca ecaa
aacedd aadecd aaecdd acdeda adcead addeca daaedc dacead daecad dcdaea dceaad ddeaac decaad dedaca eacdad ecaadd edcdaa eddaca
aaceed aadece adeaec aecade aedeac aeeacd aeecad aeedca caeead caeeda caeeda cdeaae cdeaea daacee daaeec daceae daecae deaaec deeaca eacdea eadeac eeacda eedaac
aad aad aad aad aad aad aad aad aad aad aad aad aad aad ada ada ada ada ada ada ada ada ada ada ada ada ada ada ada ada daa daa daa daa daa daa daa daa daa daa daa daa daa daa daa daa daa
aadaac adaaac daacaa
aadadd adddaa ddaada
aadbcb abacbd abacdb abcbda acbbda adbacb baadcb baadcb babdac bacabd bcadab bcdbaa bdbaac cbadab cbbada cbdbaa cdabab dbacba dbcbaa dcaabb
aadd aadd aadd aadd adad adad adad adda daad daad
aade aade aade aaed adae adea adea aead aeda aeda daae daae daea daea daea daea deaa deaa eaad eaad eada eada eada eada edaa edaa edaa
aadecc acadce accdea acdcea aceadc acedac adecac aeccad aedacc caeadc caedca ccaeda cdceaa ceadac daccae dceaca eadcac eadcac eadcca ecacad edccaa
aae aae aae aae aae aae aae aae aae aae aae aea aea aea aea aea aea aea aea aea aea aea aea aea aea aea eaa eaa eaa eaa eaa eaa eaa eaa eaa eaa eaa eaa eaa eaa eaa eaa
aaebba abaeba abeaab aeabab aebaba aebbaa baeaab bbeaaa
aaece aaeec acaee aeace aeaec aecae aecea caeae eacea eacea ecaae ecaea ecaea ecaea
aaeceb abaece abeaec abeeca acbaee aceabe aeabec aeaebc aecbea aeceab aeebca baeeac becaae cabeae caebea cbaaee ceabae ceeaab eabace eabcea eaceba eaeacb ebacae eeacab eecaba
aaedb abaed abdea abead abead abeda adabe adabe adaeb adaeb adeab adeab adeba aeabd aeabd aeadb aebda baaed baeda bdaae bdaea bedaa dbaea deaab deaab debaa eaabd eabda eabda eadba ebada edaab
aaedee adeaee deeaae deeeaa eadeea eaeeda eaeeda eeadae
aaee aaee aaee aaee aeae aeae aeae aeae aeea aeea eaae eaae eaae eaae eaae eaae eaea eaea eaea eeaa eeaa eeaa
aaeece aeacee aeeeca ceaeae eceeaa eeaace
aaeed aaeed adaee adeea aeade aeade aedae aedae aedae aedea aeeda daeae eaeda edeaa
ab ab ab ab ab ab ab ab ab ab ab ab ab ab ab ab ab ab ab ab ab ab ab ab ab ab ab ab ab ab ab ab ab ab ab ab ab ab ab ab ab ab ab ab ab ab ab ab ab ab ab ab ab ab ab ab ab ab ab ab ab ab ab ab ab ab ab ab ab ab ab ab ab ba ba ba ba ba ba ba ba ba ba ba ba ba ba ba ba ba ba ba ba ba ba ba ba ba ba ba ba ba ba ba ba ba ba ba ba ba ba ba ba ba ba ba ba ba ba ba ba ba ba ba ba ba ba ba ba ba ba ba ba ba
abaaab
abaccc accacb bcacca caabcc caccab ccbaac
abaebb aebabb bebaab bebaba ebaabb
abb abb abb abb abb abb abb abb abb abb abb abb abb bab bab bab bab bab bab bab bab bab bab bba bba bba bba bba bba bba bba bba bba bba bba bba bba bba bba bba
abbadd adbbda daadbb dababd dadbab dadbab dbadab
abbbad adbabb bbaabd dababb dabbab dbabba dbbbaa
abbbeb bbebab
abbc abbc abcb abcb abcb abcb abcb acbb acbb acbb babc babc babc babc babc babc bacb bacb bbac bbac bbca bbca bbca bcab bcab bcba bcba bcba bcba bcba cabb cabb cabb cabb cbab cbba cbba cbba cbba
abbcd abdcb abdcb babdc bacdb bbacd bbadc bcabd bcabd bcbda bcbda bdabc bdacb bdbca cabbd cabdb cbabd cbadb cdabb dabbc dabcb dacbb dacbb dbbac dbbac dcabb
abbcdd abddcb bacbdd baddbc bbcdda bcdadb bdbacd bdbcda bdbcda bdbdac bdbdca bddacb dbbcda dbbdac dbcbda dbdabc dbdcab dcbbda ddabcb ddbabc
abbceb abbebc babebc bacebb bbacbe bbbaec bbceab bbebca bbecab bbecab bcbaeb bebabc bebcab becbba cbeabb cbebab cebbba eabbcb eacbbb ebbbac ebcbab
abbd abdb abdb abdb adbb babd babd babd badb badb badb badb bbad bbad bbad bbad bbad bbda bbda bbda bdab bdab bdab bdab bdba dabb dabb dbba dbba dbba
abbdd abbdd abdbd abddb adbbd babdd bbdad bbdad bdadb bdadb bddab bddba dabbd dadbb dbadb dbadb dbbad dbdba
abbdeb abdebb babdbe badebb baebbd bdbabe dabbbe dabebb dbebab
abbe abbe abeb aebb aebb aebb aebb aebb aebb aebb aebb babe babe babe babe baeb baeb bbae bbae bbea bbea bbea bbea beab beba eabb eabb ebab ebab ebba
abbee abebe aeebb babee baeeb bbeae bbeea bebae bebae bebea bebea beeab beeba eabeb eabeb eaebb ebbea ebbea eebab
abbeeb abebeb bbbeea bebaeb bebeba eaebbb ebbabe eebbab
abc abc abc abc abc abc abc abc abc abc abc abc abc abc acb acb acb acb acb acb acb acb acb acb acb acb bac bac bac bac bac bac bac bac bac bac bac bac bac bac bac bca bca bca bca bca bca bca bca bca bca cab cab cab cab cab cab cab cab cab cab cab cab cab cba cba cba cba cba cba cba cba cba cba
abcadc abcadc abcdac abdcac acabcd acacdb accabd accdba acdcab adabcc bacdac bcadca bdccaa cbaacd cbacad cbdaac cbdcaa cbdcaa ccbada cdabca cdcaab dabcac dacbac dbcaac dcabca
abcbc acbbc acbbc acbbc baccb baccb bbacc bbacc bcabc bcabc bcbac bcbca bccab bccba cacbb cacbb cbcba cbcba ccbba ccbba
abcbcb bcbacb bcbcba bccbab cbbbca
abcbe abceb abecb acbeb acbeb acebb aebbc aebbc babec baebc bbaec bbcae bbcae bbeca bcbae bceba caebb cbabe cbeab cbeba cebab eabcb ebbac ebbac ebcab ecbba
abcc abcc abcc acbc acbc acbc accb accb accb accb accb accb accb accb bacc bacc bacc bacc bcac bcac bcca cabc cabc cabc cabc cacb cacb cacb cacb cacb cbac cbca cbca cbca ccab ccab ccab ccba ccba ccba ccba
abccbc acbcbc baccbc bcaccb bccabc bccbac ccbacb ccbcba
abccc acccb baccc cabcc cabcc cacbc cacbc cbcac ccabc ccbca
abcdc acdcb acdcb acdcb baccd bacdc bcacd bcadc bccda bdacc cabcd cabcd cbacd cbcad ccbad ccbda ccbda ccdab cdacb dacbc dbcac dcbac
abcdd abdcd abddc abddc abddc abddc abddc acbdd acdbd acdbd acddb adcbd adcbd adcdb adcdb addcb baddc baddc bcdad bcdda bdadc bdcda bdcda cabdd cadbd cadbd cbdda cdadb cdadb cddab dabdc dacbd dadbc dadcb dcadb dcbad dcdab dcdab dcdab ddacb ddbac ddcab ddcba ddcba ddcba
abcddd acdddb adbcdd adcbdd bcaddd bcddda bddacd cdbdad cdddba dacdbd dbadcd dbaddc dbcdad dbcdda dbdacd dcddab
abcde abdce abdec abecd acbde acbed acbed acdeb acdeb acedb acedb adbec aedcb badce badce badec baecd baecd bdace bdaec bdcae bdeca becad becda bedac cabde cadeb caedb cbdea cbead cdeab cdeab ceabd cebad cedba cedba daceb daebc daebc daebc daecb daecb dbace dbace dbaec dbcae dbcea dcaeb dcbea dceab dceba deabc debca debca decab eabcd eabdc eadcb ebcad ebdac ecabd ecbad ecdab ecdba edacb edbca
abcdeb abdceb abdecb abebdc acbbde acbbde adcbbe adebbc aecbbd aedbcb babedc badbec badebc bbcdae bcdaeb bdebac becbad cbabde cbbdae cdaebb cdbeab cdbeab cdbeba dbacbe dbcbea dbcbea dcabbe debacb eabdbc ebadcb ecbdab edabcb edbacb
abce abce abec abec abec abec acbe aceb aceb aebc aecb aecb bace baec baec baec baec baec bcae bcae bcea bcea beac beac beca cabe cabe cabe cabe cbae cbea cbea cbea ceab ceab ceab ceab ceba ceba ceba ceba eabc eabc eacb ebac ebca ebca ebca ebca ecba ecba
abcecd acbdce accebd acdcbe aebcdc aeccbd baccde bacdce baecdc bcedac bdacce bdceac bdceca beadcc becdca cbeacd cbedac ccbdae ccbeda cdbaec cdbeac cdebac cdecab cebacd cedbca dccabe dccaeb dcecba dcecba deabcc eaccbd ebacdc ecabdc ecbadc ecdbac
abd abd abd abd abd abd abd abd abd abd abd abd abd abd abd abd abd abd abd adb adb adb adb adb adb adb bad bad bad bad bad bad bad bad bad bda bda bda bda bda bda bda bda bda bda bda dab dab dab dab dab dab dab dab dab dab dab dab dab dab dba dba dba dba dba dba dba dba dba dba dba dba dba dba dba
abdadd adbdad addbad adddba bdaadd bdadad bdddaa dbdaad ddaadb ddadba ddbada
abdaee abdeea abedae adbaee adeabe aebade aedabe aeedab bdeaae beadea dabaee daeabe deabae eaabed eabade ebaaed edeaab
abdd adbd adbd adbd addb addb addb addb addb badd badd badd bdad bdad bdda bdda bdda bdda dabd dabd dabd dabd dadb dadb dadb dadb dbad dbad dbda dbda ddab ddab ddab ddba ddba ddba
abddd adbdd adbdd addbd baddd baddd bdadd bddad dadbd daddb dbadd dbdad ddadb ddbad dddba
abdddb bdbdad bddadb bddbad dabdbd dbadbd dbbadd dbdbda
abdde abded abedd adbde adedb aebdd aeddb badde bdade bddae bdead bdeda beadd bedad dbade dbead dbeda ddaeb ddbae ddbea ddeab dedab eabdd ebadd edbad edbad edbad
abde abde abde abed abed abed abed abed abed abed adbe adbe aebd aebd aebd aedb aedb aedb bade baed bdae bdae bdae bdae bdea bdea bdea bdea bead bead bead bead beda daeb daeb daeb dbae dbea deab deab deab deba deba deba deba deba deba eabd eabd eabd eadb eadb eadb eadb ebad ebad ebda ebda edab edab edab edba edba edba
abdece abedec acbede adecbe badeec bcdeae bceaed bdcaee bdceea beaecd becaed cbadee cbeeda cdebae cdeeba cebead cedbea daebec dbeace deaceb deaebc decaeb deceba eabdce eadbec ebcade ecbdae ecbeda eceadb edaecb edcabe edcbea edceab edeabc eebcad eebcda eecbda eecbda eedabc eedbca
abe abe abe abe abe abe abe abe abe abe abe abe abe abe abe abe abe abe abe abe abe aeb aeb aeb aeb aeb aeb aeb aeb aeb aeb aeb aeb bae bae bae bae bae bae bae bae bea bea bea bea bea bea bea bea bea bea bea bea eab eab eab eab eab eab eab eab eab eab eab eab eab eab eab eab eab eba eba eba eba eba eba eba
abebd adbeb aebdb aebdb aedbb babed badeb baebd baedb baedb bdbae bdbae bdbea bdeab beadb bebad bedba dabeb dbaeb dbaeb dbeab dbeba debab debab eabdb ebadb ebadb ebdab ebdab edabb
abeccb aecbbc bacbec bbacce bbcaec bcbace bcbeca beccab cabcbe cacbbe caebcb cbabec cbbace cbcbae ccabeb ccabeb ccbaeb ccebba cebcab cebcab eacbbc ebcacb ebccba
abece acebe aebce aeceb aeebc aeebc bcaee beace beaec becae beeac beeca caebe caebe caebe ceaeb cebea ceeab eabce eabec eabec eabec eaceb eaebc eaecb ebace ebeac ebeca ebeca ecabe ecbae eceba eeabc
abecec aebcce aecbec aececb aececb bceace beecca cbeeca ccaebe cecaeb cecbea ceeabc eacceb ebccea ecbcea eccbae ecceab ecebac ecebca eeaccb
abedad abedad adadbe addbae addbea aeadbd aebdad dadbae dadbea deabda debada dedbaa dedbaa eaadbd ebaadd edabad edadab edadba edbada
abedbe abeebd adbeeb adeebb aebdeb aedbeb badeeb bbeade bdeeba beabde bebdea bedeba beeadb dbaeeb dbbeae dbeaeb dbebea dbeeab debaeb ebaedb ebdbae ebeabd edbeab edebab eedbba
abee abee abee aebe aebe aebe aeeb aeeb aeeb aeeb baee baee baee baee beae beae beae beae beae beea beea eabe eabe eaeb eaeb eaeb ebae ebea ebea ebea eeab eeab eeba
ac ac ac ac ac ac ac ac ac ac ac ac ac ac ac ac ac ac ac ac ac ac ac ac ac ac ac ac ac ac ac ac ac ac ac ac ac ac ac ac ac ac ac ac ac ac ac ac ac ac ac ac ac ac ac ac ac ac ac ac ac ac ca ca ca ca ca ca ca ca ca ca ca ca ca ca ca ca ca ca ca ca ca ca ca ca ca ca ca ca ca ca ca ca ca ca ca ca ca ca ca ca ca ca ca ca ca ca ca ca ca ca ca ca ca ca ca ca ca ca ca ca ca ca ca ca ca ca ca ca
acacaa accaaa caaaac caacaa ccaaaa ccaaaa
acacdc adaccc cacacd cadcac ccdaca cdacca
acbcce acbcec acecbc aecccb becacc cabcce cbaecc ccceba cebacc cecbac cecbca
acbce accbe acceb acebc acebc acecb bacec bacec bacec bcace bcaec bceac bceca beacc beacc becac cabce caecb cbcea cbcea cbeac cbeca ccaeb ccaeb ccbae ceabc ceacb cebac cebac cecab cecba eabcc eabcc eaccb ebcca ecabc ecabc eccab eccba eccba
acbd acbd acbd acdb acdb acdb acdb adbc adbc adbc adbc adcb adcb bacd bacd badc badc bcad bcad bcad bcda bcda bdac bdac bdac bdca bdca cabd cabd cabd cadb cadb cadb cadb cadb cbad cbad cbda cbda cbda cbda cdab cdab cdab cdab cdab dabc dbac dbac dcab dcab dcab dcab dcab dcba dcba dcba
acc acc acc acc acc acc acc acc acc acc acc cac cac cac cac cac cac cac cac cac cac cac cac cca cca cca cca cca cca cca cca cca cca cca cca cca cca cca cca cca
acccd adccc cacdc ccadc ccdac ccdac cdcac cdcac cdcca dccac dccac
accce acecc aeccc cacce cacce ccaec cceac cceac cceac eccca
accd accd accd acdc acdc acdc cacd cacd cacd cadc cadc cadc cadc cadc ccad ccad ccad ccda ccda cdac cdca dacc dacc dacc dcac dcac dcac dcca dcca
accdce cacecd ccaecd cccaed ccdcae ccdeca ccedca cdccae cedcac dceacc dcecac eadccc edaccc
accdd acdcd acdcd caddc ccdda cdadc cdcda cddac cddac daccd dadcc dcacd dccda dcdac ddcac ddcca
acce acce acce acec acec aecc aecc aecc aecc aecc cace cace caec caec caec caec ccae ccae ccae ccea ceac ceac ceac ceac ceac ceac ceac eacc eacc eacc eacc ecac ecac ecac ecca ecca ecca
acd acd acd acd acd acd acd acd adc adc adc adc adc adc adc adc adc adc adc adc adc cad cad cad cad cad cad cad cad cad cad cad cad cad cad cad cad cda cda cda cda cda cda cda cda cda cda cda dac dac dac dac dac dac dac dac dca dca dca dca dca dca dca dca dca dca dca dca dca dca dca dca
acdbbb adcbbb bbacdb bbbcad bcbdba cbbadb dbcbba
acdce acdec adcce adcec adecc cacde caced cadec caecd ccaed ccdae ccead cdace cdcae cdeca ceadc ceadc ceadc cecad cedac cedac dacec daecc dcace dccae dccae dccea dceac decac decca decca eadcc eccda ecdca edcca
acdd acdd acdd acdd acdd adcd addc addc addc addc cadd cadd cadd cadd cdad dacd dacd dadc dadc dadc dcad dcad dcad dcad dcda dcda dcda dcda dcda ddac ddca ddca
acdda adacd adcad adcda caadd cadda cdada cdada cdada cddaa cddaa dcaad ddcaa
acddbc bccadd bccdad cadcbd cbdadc ccdabd cdcdab daccbd daccbd dadcbc dbacdc dbccda dbdacc dcdcab ddbcac ddbcac ddcbac
acde aced adce adce adce adce adce adec adec aecd aecd aecd aecd aecd aedc aedc aedc aedc cade cade caed caed caed caed caed caed caed cdae cdae cdea cdea cead cead ceda ceda ceda ceda dace dace dcae dcae dcae dcae dcae deac deca deca deca deca eacd eacd eacd eadc eadc eadc eadc ecda ecda edca edca edca
acdedd aceddd cdaedd ceddda daddce dddeca decdda dedcad eacddd
acdede acedde aecded caddee cadede caedde cdaeed daecde dcadee dceaed ddeeac dedace dedcea eadedc eaecdd ecaedd ecdeda edaecd edcdae edceda edeadc eeddac
ace ace ace ace ace ace ace ace ace ace ace ace ace ace ace ace aec aec aec aec aec aec aec aec aec aec aec aec aec aec aec cae cae cae cae cae cae cae cae cae cae cae cae cae cea cea cea cea cea cea cea cea cea cea cea cea cea cea cea cea cea cea cea eac eac eac eac eac eac eac eac eac eac eac eac eac eac eac eac eca eca eca eca eca
acedd adcde adced adecd aedcd aeddc cdaed cedad cedda daced dadec daecd daedc daedc dcdae dcdae dcead ddace ddaec ddcae ddeac ddeca deacd decad dedac dedca eacdd eaddc ecadd ecdad ecdda ecdda edadc edcad
acede adcee adece aecde aedec aeedc caede caeed cdaee ceaed ceead ceeda ceeda dceae dceea decae decae deeac deeac deeca deeca eaced eadce eaecd ecade ecade ecade edaec edaec edaec edaec edcea edcea edeac eecad eedac eedac
acee acee aece aeec aeec aeec aeec caee caee ceae ceae ceae ceae ceae ceea ceea ceea ceea ceea eace eace eace eace eace eaec ecea ecea ecea eeac eeac eeac eeac eeac eeac eeca eeca
aceeac aeaecc ccaeea cceeaa ceaace ceaace ceaaec cecaea cecaea cecaea eaceca eceaac eeacca
aceecc cacece ccaeec ceecca eccace ecccae eecacc
ad ad ad ad ad ad ad ad ad ad ad ad ad ad ad ad ad ad ad ad ad ad ad ad ad ad ad ad ad ad ad ad ad ad ad ad ad ad ad ad ad ad ad ad ad ad ad ad ad ad ad ad ad ad ad ad ad ad ad ad ad ad ad ad ad da da da da da da da da da da da da da da da da da da da da da da da da da da da da da da da da da da da da da da da da da da da da da da da da da da da da da da da da da da da da
adaada
adadcd adaddc adcdda addcad dadcda
adadd adadd dadda
adaed addae addae adead aeadd aedad aedad daade dadea dadea dadea daead daeda ddaea ddeaa deada eaadd eadad
adaedd adedad aedadd aeddda daaded ddedaa deadad eaaddd
adbada dbdaaa ddaaab
adbced addcbe bcdeda bdaecd bddcae bddcae bdecda bdedca beddca cadbed cbddae cbdead cddaeb cdebad dabcde dabced dabecd dacedb dadbce daebdc dbdeca ddcbae ddcbae deadbc decbad dedbca eadcdb ebcdad ecbadd edacdb eddbca
adbdbe aebdbd babedd badbed badedb bdbdae bdbdea bddabe dabbde dbabde dbbade dbdbea dbdeba deadbb ebabdd ebadbd edbbad
adcbcb bbadcc bbcdac bccbad bcdbac bcdcba bdccab cabbdc cabcbd cabdbc cacbbd cacbdb cbacbd cbadbc cbbcda cbbdca cbdacb cbdbca cbdcab cdcabb dbabcc dbccab
adcdd adddc caddd dcadd dcdda ddadc ddadc ddcad ddcda
adceec aecced cadece ccaede cceeda cdcaee ceadec ceceda ceedca dacece daecec dcacee dccaee dceeac deacce deacec eacdec eacecd eadcce ecedca edccae edecac eeadcc eedcac
add add add add add add add add add add add add add dad dad dad dad dad dad dad dad dad dad dad dad dad dad dad dad dad dad dad dda dda dda dda dda dda dda dda dda dda dda dda dda dda
addbed addebd baeddd bdddae dbaedd dbdaed dbddae dbdead dbeadd ddabed ddaedb dddaeb ddebda edddba
addd addd addd addd addd dadd dadd ddad ddad ddad ddad ddad ddda ddda
adddd adddd daddd ddadd
adddee dadede daeedd ddaede ddaeed deddae deedad eadedd
adde adde adde adde aded aded aded aded aded aded aedd aedd dade dade dade dade daed daed ddae ddae ddae ddea ddea ddea dead deda deda eadd eadd edad edad edad edad edad edad edda edda edda
addee adede aedde ddeae ddeea deaed deaed dedae dedae edade eddea eedad eedad
addeeb bddeae beaded beedad dbdeea dbeeda deadbe deadbe deadeb deadeb debdea deebda deebda deedab deedba eabedd eabedd eaddbe eaddeb ebdaed ebedad eddabe eddeab
ade ade ade ade ade ade ade ade ade ade ade ade ade ade ade ade ade ade aed aed aed aed aed aed aed aed aed aed aed aed dae dae dae dae dae dae dae dae dae dae dae dae dae dae dae dea dea dea dea dea dea dea ead ead ead ead ead ead ead ead ead ead ead ead ead ead eda eda eda eda eda eda eda eda eda eda eda eda eda eda
adedd adedd dadde daedd dedda eddad eddad eddda
adee adee adee adee aede aede aede aede aede aede aeed aeed daee deae deae deae deae deea deea deea eade eade eade eaed edae edae edea edea edea eead eeda eeda
adeeb adeeb aebde aebed aedeb aeebd aeedb baeed baeed bdaee bdeae bdeea beade beaed bedae bedae beeda beeda dabee daeeb daeeb debae eadbe eadeb ebdae edaeb edaeb eeabd eeadb eeadb eeadb eebad
adeebe aeeedb bdeaee bdeeae beaeed beeade beeead daeeeb daeeeb dbeaee dbeeea deebae eaeebd edabee
ae ae ae ae ae ae ae ae ae ae ae ae ae ae ae ae ae ae ae ae ae ae ae ae ae ae ae ae ae ae ae ae ae ae ae ae ae ae ae ae ae ae ae ae ae ae ae ae ae ae ae ae ae ae ae ae ae ae ea ea ea ea ea ea ea ea ea ea ea ea ea ea ea ea ea ea ea ea ea ea ea ea ea ea ea ea ea ea ea ea ea ea ea ea ea ea ea ea ea ea ea ea ea ea ea ea ea ea ea ea ea ea ea ea ea ea ea ea ea ea ea ea ea ea ea ea ea ea ea ea ea ea ea ea ea ea
aeaaa eaaaa
aeaaee
aeadae aeeaad
aebaee baeeae beeeaa ebaeea eeaabe eeaaeb eeaeba
aebbec bacebe baecbe baeceb bbaeec bbceae bbeaec bcabee bcbaee beeacb eabbec ebaceb ebaebc ebcaeb ebcbea ebecba ecbbae eeabbc eebbac
aebee eaebe eaeeb ebeae ebeae ebeae eeaeb eebae
aecede aedece aeedec eedcea
aeceeb aeebec aeeceb baeece becaee ceeeba eabece eaebce eaebec ebcaee ecabee eeacbe eebcea
aedade daaede dedaea deeada eaaded eaddae edaaed edadea eeadad eeadad eeddaa
aeddee aeedde aeeded deeade deedea edeead eeadde eeeadd eeedda
aedee deeea eadee eadee eaeed edaee edeea edeea eeade eeade eeaed eedea eedea eeeda eeeda
aee aee aee aee aee aee aee aee aee aee aee aee aee eae eae eae eae eae eae eae eae eae eae eae eae eae eae eae eae eae eea eea eea eea eea eea eea eea eea eea eea
aeebee aeeeeb baeeee beeeea eaebee eebaee
aeecc caece cceae cceea ceace ceace cecae ceeac ceeca eacec eaecc ecace ecaec eccae eccea eccea eccea eecca eecca
aeee aeee eaee eaee eeea eeea eeea eeea eeea
aeeee eaeee eeaee eeeea
aeeeed daeeee deaeee deeeae eedeae eeedea
b b b b b b b b b b b b b b b b b b b b b b b b b b b b b b b b b b b b b b b b b b b b b b b b b b b b b b b b b b b b b b b b b b b b b b b b b b b b b b b b b b b b b b b b b b b b b b b b b b b b b b b b b b b b b b b b b b b b b b b b b b b b b b b b b b b b b b b b b b b b b b b b b b b b b b b b b b b b b b b b b b b b b b b b b b b b b b b b b b b b b b b b b b b b b b b b b b b b b b b b b b b b b b b b b b b b b b b b b b b b b b b b b b b b b b b b b b b b b b b b b b b b b b b b b b b b b b b b b b b b b b b b b b b b b b b b b b b b b b b b b b b b b b b b b b b b b b b b b b b b b b b b b b b b b b b b b b b b b b b b b b b b b b b b b b b b b
babb bbab bbab
babbdb dabbbb dabbbb
babbe baebb baebb bbaeb ebbba
babcb bbcba bbcba bbcba bcbba cbabb cbabb
babdb bbbad bbdba bdbab
bb bb bb bb bb bb bb bb bb bb bb bb bb bb bb bb bb bb bb bb bb bb bb bb bb bb bb bb bb bb bb bb bb bb bb bb bb bb bb bb bb bb bb bb bb bb bb bb bb
bbb bbb bbb bbb bbb bbb bbb bbb bbb bbb bbb bbb bbb bbb
bbbabc
bbbb bbbb
bbbbaa
bbbbab
bbbc bbbc bbbc bbcb bbcb bbcb bbcb bbcb bcbb bcbb bcbb bcbb cbbb cbbb
bbbcd bbbdc bbcdb bbcdb bbdbc bbdcb bbdcb bcbdb bcbdb bdbbc bdbcb bdcbb cbbbd cbbdb cbbdb cbbdb dbbbc dbcbb
bbbce bbcbe bbceb bcbbe bebcb cbbbe cbebb cebbb cebbb ebbcb ecbbb
bbbced bbbdec bcebbd bdecbb bebdbc bedcbb cbbdeb cdebbb dbbbec dbcebb dcebbb ebbdcb ecbbdb
bbbd bbbd bbbd bbdb bbdb bbdb bbdb bbdb bdbb bdbb bdbb bdbb bdbb bdbb bdbb dbbb dbbb
bbbdad bbddab dadbbb ddbabb
bbbdb bbbdb
bbbdcb bdcbbb
bbbdcc bbcbdc bccbdb cbbdcb cbdbcb dbbcbc dcbbbc
bbbdd bbbdd bbbdd bdbbd dbdbb ddbbb
bbbe bbeb bbeb bbeb ebbb
bbbeb bebbb
bbbece bbebce bcbeeb bebceb bebecb becebb becebb
bbc bbc bbc bbc bbc bbc bbc bbc bbc bbc bbc bbc bcb bcb bcb bcb bcb bcb bcb bcb bcb bcb bcb bcb cbb cbb cbb cbb cbb cbb cbb cbb cbb cbb cbb cbb
bbcc bbcc bbcc bcbc bcbc bcbc bccb bccb bccb cbbc cbbc cbcb cbcb cbcb cbcb ccbb
bbccd bbccd bbcdc bbdcc bccbd bcdcb cbdbc cbdcb cdbcb dbccb dcbbc
bbcce bbcce bcbce bcebc beccb cbbce cbbec cbceb cebbc ebbcc ebbcc ebcbc ebcbc ecbbc ecbcb
bbcceb bcbbec bcecbb bebccb beccbb ccbbeb ecbbbc
bbcd bbcd bbcd bbcd bbcd bbcd bbdc bbdc bcbd bcbd bcdb bcdb bdbc bdbc bdcb bdcb bdcb bdcb bdcb cbdb cbdb cbdb cbdb cdbb dbbc dbbc dbcb dbcb dbcb dcbb dcbb dcbb dcbb dcbb
bbcdbd bcbbdd bcbddb bcdbdb
bbcddc bdbcdc bdbdcc bdccbd cbbcdd cbdbdc ccddbb cdcbbd cddbbc dbbccd dbdbcc dccbbd
bbce bbce bbce bbce bbce bcbe bceb bceb bceb bebc bebc bebc bebc bebc becb becb becb becb cbbe cbeb cbeb cebb cebb ebbc ebbc ebbc ebcb ebcb ecbb ecbb
bbcee bbece bcebe bebce bebec beceb beecb cbbee cbbee cbeeb cbeeb cebbe ceebb ebcbe ebcbe ebceb ebceb ebceb ebebc ebecb ebecb ecebb eecbb
bbd bbd bbd bbd bbd bbd bbd bbd bbd bbd bdb bdb bdb bdb bdb bdb bdb bdb bdb bdb bdb bdb dbb dbb dbb dbb dbb dbb dbb dbb dbb dbb
bbdbdd bbddbd ddbbbd ddbdbb
bbdbe bbedb debbb debbb ebdbb
bbdcd bcbdd bcddb bdcbd cbdbd cdbdb cddbb dbbcd dbbcd dbbdc dbbdc dbbdc dbcbd dcbbd dcbdb ddbbc ddbcb
bbdce bbdce bbecd bbecd bbedc bbedc bcbde bcdeb bcdeb bcebd bdbec bdceb bdebc becbd cbbde cbbed cbbed cbbed cdbbe cdbbe dcbbe dcbeb dcbeb debcb ebcbd ebdcb ebdcb ecdbb edbcb edcbb
bbdd bbdd bdbd bdbd bdbd bddb bddb dbbd dbbd dbdb dbdb dbdb dbdb dbdb ddbb ddbb ddbb
bbddce bdbecd bdcdeb bddbec bddbec bebcdd bebcdd cbdedb cddebb ceddbb ceddbb dbbcde dbbced dbcbed dbcedb dcedbb ebbddc edbcbd edbdbc
bbdde bbedd bdbed bdbed bedbd bedbd dbbed dbbed dbbed dbdbe ddebb dedbb dedbb ebbdd edbbd edbbd edbdb eddbb
bbde bbde bbed bbed bbed bbed bbed bdbe bdbe bdbe bdbe bdeb bdeb bebd bebd bebd bebd bebd bebd bebd bedb dbbe dbeb dbeb dbeb debb ebbd ebbd ebbd ebdb ebdb ebdb ebdb edbb
bbdeeb bdbbee bebdeb bebebd bedbbe ebbbde ebbdeb
bbe bbe bbe bbe bbe bbe bbe bbe bbe bbe bbe bbe bbe bbe beb beb beb beb beb beb beb beb beb beb beb ebb ebb ebb ebb ebb ebb ebb ebb ebb ebb ebb ebb ebb
bbebbb ebbbbb
bbebbe bebbbe beebbb ebbebb
bbecce bccbee bceecb bebcce becbec cbcbee cbeebc ccbeeb cebceb cecbbe eccbbe ecebcb ecebcb
bbecee beceeb beebce cbeebe ceebbe ebebec ecbbee
bbedbb bedbbb edbbbb
bbedcc bcbecd bcdcbe bcdecb bdcceb ccbebd cdcebb dbbcec dbcbec dbcceb dbebcc dbecbc dbeccb decbcb deccbb deccbb ebcbcd ebcdcb ebcdcb ebdcbc eccdbb edbccb edcbbc
bbeddd dbdbde dbddbe dbddbe dbdebd dbedbd ddbbed ddbebd ddedbb
bbede bdebe bdeeb bedbe beebd beebd debeb debeb deebb ebbde ebbde ebebd ebebd ebedb edbbe eebbd eedbb eedbb
bbee bbee bebe bebe bebe bebe beeb beeb ebbe ebeb ebeb ebeb ebeb eebb
bc bc bc bc bc bc bc bc bc bc bc bc bc bc bc bc bc bc bc bc bc bc bc bc bc bc bc bc bc bc bc bc bc bc bc bc bc bc bc bc bc bc bc bc bc bc bc bc bc bc bc bc bc bc bc bc bc bc bc bc bc bc bc bc bc bc bc cb cb cb cb cb cb cb cb cb cb cb cb cb cb cb cb cb cb cb cb cb cb cb cb cb cb cb cb cb cb cb cb cb cb cb cb cb cb cb cb cb cb cb cb cb cb cb cb cb cb cb cb cb cb cb cb cb cb cb
bcbbc bcbcb bccbb cbbbc cbbcb cbcbb
bcbbcb cbcbbb
bcbcec bcccbe bebccc cbcbec ceccbb ecbbcc
bcbeed bcebde cbedbe cdbbee cdbebe cebbde ceebdb deecbb ebdbce
bcc bcc bcc bcc bcc bcc bcc bcc bcc bcc bcc bcc bcc bcc cbc cbc cbc cbc cbc cbc cbc cbc cbc cbc cbc cbc cbc ccb ccb ccb ccb ccb ccb ccb ccb ccb ccb
bccc ccbc ccbc ccbc cccb cccb cccb cccb cccb
bcccc bcccc bcccc cbccc cbccc cccbc
bcccdd bcddcc bcddcc cbdcdc ccbddc ccddbc cdcbdc cdccbd dcdccb
bccd bccd bccd bccd bcdc bcdc bcdc bcdc bdcc bdcc bdcc bdcc bdcc cbcd cbcd cbcd cbcd cbdc cbdc cbdc ccdb ccdb ccdb cdbc cdbc cdcb cdcb dbcc dbcc dcbc dcbc dcbc dcbc dcbc dccb dccb dccb
bccdc bcdcc cbccd cbccd cbdcc ccbcd ccbdc ccbdc cccdb ccdbc ccdbc ccdbc ccdcb
bccdd bcddc ccbdd ccbdd ccdbd ccdbd ccddb ccddb ccddb cdbcd cdcbd cdcbd cdcdb cddbc dbdcc dbdcc dcbcd dccdb dccdb dcdcb dcdcb
bcce bcce becc becc becc cbce cbce cbec cbec cbec cbec cbec cbec cbec cbec ccbe ccbe ccbe ccbe cceb cceb cebc cebc cebc cecb cecb cecb cecb cecb ebcc ebcc ebcc ebcc ecbc ecbc ecbc eccb eccb eccb
bccec bcecc bcecc beccc cbcce cbcce cbcce cbcec ccbec cecbc cecbc ceccb ecbcc
bcceec bececc beeccc ccbcee ccebec ccebec ceccbe ceccbe ececbc ececcb
bcd bcd bcd bcd bcd bcd bcd bcd bcd bcd bcd bcd bcd bcd bcd bcd bdc bdc bdc bdc bdc bdc bdc bdc cbd cbd cbd cbd cbd cbd cbd cbd cbd cbd cdb cdb cdb cdb cdb cdb cdb cdb cdb cdb cdb cdb cdb cdb cdb cdb cdb cdb dbc dbc dbc dbc dbc dbc dbc dbc dbc dbc dbc dbc dbc dbc dbc dbc dbc dbc dbc dcb dcb dcb dcb dcb dcb dcb dcb dcb dcb
bcdce bcedc bcedc becdc cbcde cbcde cbdce cbdec cbecd ccbed ccdbe ccdbe ccdeb cdceb cdceb cdebc cdebc cebdc cebdc cecbd cecdb cedcb dcbce dcceb dcecb decbc ebdcc ebdcc ebdcc ecbcd ecbcd ecbdc eccbd eccdb eccdb edbcc edcbc edccb
bcdd bcdd bcdd bdcd bdcd bdcd bdcd bdcd bddc bddc bddc cbdd cbdd cdbd cdbd cddb cddb cddb dbcd dbcd dbcd dbcd dbcd dbdc dbdc dbdc dbdc dbdc dcbd dcbd dcbd dcdb dcdb dcdb ddbc ddbc ddbc ddcb ddcb
bcde bcde bcde bcde bced bdce bdce bdec becd becd becd becd becd bedc bedc bedc cbde cbde cbde cbde cbde cbed cbed cdbe cdbe cdbe cdeb cebd cedb cedb cedb dbce dbce dbce dbce dbce dbce dbce dbec dbec dbec dbec dcbe dcbe dcbe dceb debc debc decb decb decb decb decb decb ebcd ebcd ebdc ebdc ecbd ecbd ecbd ecbd ecbd ecbd ecdb ecdb ecdb ecdb edbc edcb
bcdecd bdcdce bdcdce bdcecd bdeccd cbddce cbddce ccddeb cdcdbe cdcebd cddbce cdecbd cebcdd ceddbc dbcced dcbedc dccbed dccdeb dcdbec dcdebc dcecbd dcecbd ebcdcd ebcddc edcbcd
bcdeee bdecee bdeeec becdee ceebed debece deeecb ebedec ebeecd ebeecd ebeedc ecedeb edbcee edceeb eebced eecbde eecdeb eedbec eedceb
bce bce bce bce bce bce bce bce bce bce bce bec bec bec bec bec bec bec bec bec cbe cbe cbe cbe cbe cbe cbe cbe cbe cbe cbe cbe cbe cbe cbe cbe cbe ceb ceb ceb ceb ceb ceb ceb ceb ceb ceb ceb ceb ebc ebc ebc ebc ebc ebc ebc ebc ebc ebc ebc ebc ebc ebc ebc ebc ecb ecb ecb ecb ecb ecb ecb ecb ecb ecb ecb ecb ecb ecb ecb ecb
bcedce bcedec becdec bedcec beecdc cbdece cdbeec cedbec cedecb dbecce dcbeec dccebe deebcc ebcdce ebcdec ebcedc eccedb ecdcbe ecdceb edcbce edccbe eecbcd
bcee bcee bece beec beec beec cbee cbee cbee cebe cebe ceeb ceeb ebce ebce ebce ebce ebce ebec ebec ecbe ecbe ecbe eebc eecb eecb eecb
bceee becee beece ceebe ceeeb ebeec eceeb eceeb eebce eebec eecbe
bd bd bd bd bd bd bd bd bd bd bd bd bd bd bd bd bd bd bd bd bd bd bd bd bd bd bd bd bd bd bd bd bd bd bd bd bd bd bd bd bd bd bd bd bd bd bd bd bd bd bd bd bd bd bd bd bd bd bd bd bd bd db db db db db db db db db db db db db db db db db db db db db db db db db db db db db db db db db db db db db db db db db db db db db db db db db db db db db db db db db db db db db db db db db db db db db db db db db
bdaddd dbddad ddbadd ddddab ddddba
bdbdd bdbdd bddbd bdddb ddbbd dddbb
bdccca cadbcc cbcadc cbccad cbdacc ccbadc ccbdca ccdbac dccbac dccbca dcccab
bdccce beccdc becdcc cbccde cdbcce dbccec ecbccd edbccc edcccb
bdcdd bdcdd bdddc bdddc cbddd dbdcd dcbdd dcbdd dcdbd dcddb ddcdb dddbc dddcb dddcb
bdcdde bdddec cdbded cddbed cdddeb cdeddb dbdcde dbdedc ddbdce ddbdce dddcbe ddedcb decddb
bdcde bdcde bdced bddce bdecd beddc cbdde cdbde cddeb ceddb dbdce dbdce dbecd dcbed dcbed dcbed dcdeb dcedb dcedb ddbec ddbec ddceb decdb dedbc ebcdd ecdbd edbcd edcdb eddbc
bdcede beddce beedcd cddbee cdeebd dbeced dbeecd dcbdee dcdbee ddbece ddbece ddcbee ddcebe dedbce ebdced ecdedb ecebdd edcbed edcebd eddecb ededbc
bdd bdd bdd bdd bdd bdd bdd bdd bdd bdd bdd bdd dbd dbd dbd dbd dbd dbd dbd dbd dbd dbd dbd dbd ddb ddb ddb ddb ddb ddb ddb ddb ddb ddb ddb ddb ddb
bddd dbdd dbdd ddbd ddbd dddb dddb
bddde beddd dbdde dbded dbded dddeb dddeb ddedb dedbd
bddebe bdeebd dbbede dbdeeb dbdeeb dbebed dbedbe dbedbe ddbebe debbed dedbbe ebeddb edbedb eeddbb
bddee bdede bdede beedd dbdee dbeed ddbee ddebe ddeeb debde debed dedbe dedeb ebdde ebded ebedd eddbe ededb eebdd
bde bde bde bde bde bde bde bde bde bde bde bde bde bed bed bed bed bed bed bed bed dbe dbe dbe dbe dbe dbe dbe dbe dbe dbe deb deb deb deb deb deb deb ebd ebd ebd ebd ebd ebd ebd ebd ebd ebd edb edb edb edb edb edb edb edb
bdebdb bdedbb dbbebd dbedbb ddebbb edbbdb edbdbb eddbbb
bdee bdee bdee bdee bdee bede bede beed beed beed dbee dbee dbee dbee debe debe debe debe debe deeb deeb deeb ebde ebde ebed edbe edbe edbe edbe edbe edeb eebd eedb eedb eedb
bdeebe beedeb beeebd dbeebe ebeedb eebbed
bdeec beced bedce bedec bedec cbdee cbede cdebe cdeeb cebed cedbe cedeb ceedb dbece dbeec dbeec dcebe dcebe debce decbe deecb ebced ebdce ecbde ecbed ecdbe ecdeb edbec edecb eecbd eecbd
bdeedd ddbeed debdde ededdb
be be be be be be be be be be be be be be be be be be be be be be be be be be be be be be be be be be be be be be be be be be be be be be be be be be be be be be be be be eb eb eb eb eb eb eb eb eb eb eb eb eb eb eb eb eb eb eb eb eb eb eb eb eb eb eb eb eb eb eb eb eb eb eb eb eb eb eb eb eb eb eb eb eb eb eb eb eb eb eb eb eb eb eb eb eb eb eb eb eb eb eb eb eb eb eb eb eb eb eb eb eb
bebeae ebbeea ebeeab
bebee bebee ebeeb ebeeb ebeeb eebbe
beccee becece cbceee cecebe ceceeb ceeebc eccbee eebcce eecbec eecceb eeebcc
becec becec beecc beecc cbcee cbcee cbece ccbee ccbee cceeb cebce cebec ceebc ceebc ebecc ecbec ececb eecbc eecbc
bedd bedd bedd bedd bedd dbde dbde dbde dbde ddbe ddbe ddbe ddeb ddeb ddeb debd debd debd debd dedb ebdd ebdd edbd edbd edbd edbd edbd edbd eddb
bee bee bee bee bee bee bee bee bee bee bee bee ebe ebe ebe ebe ebe ebe ebe ebe ebe ebe ebe ebe ebe ebe ebe ebe eeb eeb eeb eeb eeb eeb eeb eeb eeb eeb eeb eeb eeb
beecee beecee ceeeeb eeeceb
beede beeed dbeee debee deebe ebdee eeedb
beeded dbdeee ddeeeb deeebd eddbee eededb
beee beee beee beee beee ebee ebee ebee eebe eeeb eeeb eeeb eeeb
beeebb beeebb ebeebb
c c c c c c c c c c c c c c c c c c c c c c c c c c c c c c c c c c c c c c c c c c c c c c c c c c c c c c c c c c c c c c c c c c c c c c c c c c c c c c c c c c c c c c c c c c c c c c c c c c c c c c c c c c c c c c c c c c c c c c c c c c c c c c c c c c c c c c c c c c c c c c c c c c c c c c c c c c c c c c c c c c c c c c c c c c c c c c c c c c c c c c c c c c c c c c c c c c c c c c c c c c c c c c c c c c c c c c c c c c c c c c c c c c c c c c c c c c c c c c c c c c c c c c c c c c c c c c c c c c c c c c c c c c c c c c c c c c c c c c c c c c c c c c c c c c c c c c c c c c c c c c c c c c c c c c c c c c c c c
cacc ccac ccac ccac ccca
caccac
caccbc cbccca ccabcc ccbcca
cacddd dacddc dcddca ddccda
caceac
cbbbb
cbbccc ccbcbc
cbccb ccbcb ccbcb
cbccbb
cbeccc cccceb ccecbc ccecbc
cc cc cc cc cc cc cc cc cc cc cc cc cc cc cc cc cc cc cc cc cc cc cc cc cc cc cc cc cc cc cc cc cc cc cc cc cc cc cc cc cc cc cc cc cc cc cc cc cc cc cc cc cc cc cc cc cc cc cc cc cc cc cc cc cc cc cc
ccaeee ceaece ecaece ececae eecace
ccbdcb cdbcbc dbcccb dcbccb
ccc ccc ccc ccc ccc ccc ccc ccc ccc ccc ccc ccc ccc ccc ccc
cccac cccca
ccccc
ccccca
ccccd dcccc
cccce cccec cccec ecccc
cccd cccd cccd ccdc ccdc cdcc cdcc cdcc cdcc dccc dccc dccc dccc
cccdcb
cccddd cddcdc ddccdc
cccdde cceddc dccdce dccecd dccedc dceccd ddccec eccddc eddccc
cccde cccde ccdce ccdec ccdec cdcce cdecc cecdc cecdc cedcc dccce ecccd eccdc ecdcc
ccce ccce ccce ccce ccec ccec ccec ccec cecc cecc eccc eccc eccc
cccedc cccedc cccedc cecdcc cecdcc dcccce
cccee cccee cceec cecce ceecc ceecc eccce ececc eeccc
ccceec ccecec cceecc ececcc
ccd ccd ccd ccd ccd ccd ccd ccd ccd ccd ccd cdc cdc cdc cdc cdc cdc dcc dcc dcc dcc dcc dcc dcc dcc dcc dcc dcc dcc dcc dcc dcc dcc
ccdadc cdacdc
ccdccc cdcccc
ccdccd
ccdd ccdd ccdd ccdd ccdd ccdd cdcd cdcd cdcd cdcd cddc cddc cddc dccd ddcc ddcc ddcc
ccddea cdcade cddcea cdeadc cdeadc dccade dcdaec dceacd deaccd deccda decdca ecadcd ecdacd ecdcad ecdcad ecddac edcadc
ccde ccde ccde cced cced cdce cdce cdce cdec cdec cdec cdec cdec cdec cdec cecd cecd cedc cedc dcce dcce dcce dcec decc decc edcc edcc edcc edcc edcc
ccded cddce cdedc cecdd cedcd dccde dcced dcdce dcdec dcecd dedcc dedcc eccdd ecdcd edccd edcdc
ccdedd cceddd cddcde cecddd dcdedc eccddd
cce cce cce cce cce cce cce cce cce cce cce cce cce cce cce cce cec cec cec cec cec cec cec cec cec cec cec cec cec ecc ecc ecc ecc ecc ecc ecc ecc ecc ecc ecc ecc
ccecee
ccee ccee ccee ccee ceec ceec ceec ceec ceec ecce ecec ecec eecc
cceedd cdcede cdceed cddcee cecedd ceedcd ceedcd dcecde dceced dcedce dceecd ecdced ecdced ededcc
cceee eccee eeecc
cd cd cd cd cd cd cd cd cd cd cd cd cd cd cd cd cd cd cd cd cd cd cd cd cd cd cd cd cd cd cd cd cd cd cd cd cd cd cd cd cd cd cd cd cd cd cd cd cd cd cd cd cd cd cd cd cd cd cd cd cd cd cd cd dc dc dc dc dc dc dc dc dc dc dc dc dc dc dc dc dc dc dc dc dc dc dc dc dc dc dc dc dc dc dc dc dc dc dc dc dc dc dc dc dc dc dc dc dc dc dc dc dc dc dc dc dc dc dc dc dc dc dc dc dc dc dc dc dc dc dc dc dc dc dc dc dc dc dc dc dc dc dc dc dc dc dc dc dc
cdbbdd dbbcdd ddcdbb
cdcee cecde ceced cedce cedec ceecd dccee dceec eccde ecced edcec edcec edecc edecc edecc
cdceec cecdce ecdcec edcecc
cdd cdd cdd cdd cdd cdd cdd cdd cdd cdd cdd cdd cdd cdd cdd cdd cdd dcd dcd dcd dcd dcd dcd dcd dcd dcd dcd dcd dcd ddc ddc ddc ddc ddc ddc ddc ddc ddc
cddcdd cdddcd
cddd cddd cddd cddd dcdd dcdd ddcd ddcd dddc
cdddc ddcdc ddcdc dddcc
cdddcb dcbcdd
cddde cdded cdded dcdde ddced dddec ddecd ecddd edddc
cdde cdde cdde cdde cdde cded cedd dcde dcde dcde dced dced dced ddce ddce ddec ddec ddec ddec ddec decd decd decd decd decd dedc dedc dedc ecdd ecdd edcd edcd edcd edcd eddc eddc eddc eddc eddc
cddee cedde cedde ceded ddcee ddece ecdde ecded eddec edecd edecd eecdd
cde cde cde cde cde cde cde cde cde cde cde cde cde ced ced ced ced ced ced ced ced ced ced ced ced ced ced ced ced ced dce dce dce dce dce dce dce dce dce dce dce dce dce dce dce dec dec dec dec dec dec ecd ecd ecd ecd ecd ecd ecd ecd ecd ecd ecd ecd ecd ecd ecd ecd ecd ecd edc edc edc edc edc edc edc edc edc edc
cdecee deceec eccdee
cdeded dcdeed dcedde ddcdee dddcee ecdedd edcdde eddedc
cdee cdee cdee cdee cede cede cede cede ceed ceed ceed ceed dcee dcee dcee dcee dcee dcee dece dece dece dece deec deec deec ecde ecde ecde ecde eced edce edce edce edce edec edec edec edec eecd eecd eedc eedc eedc eedc
ce ce ce ce ce ce ce ce ce ce ce ce ce ce ce ce ce ce ce ce ce ce ce ce ce ce ce ce ce ce ce ce ce ce ce ce ce ce ce ce ce ce ce ce ce ce ce ce ce ce ce ce ce ce ce ce ce ce ce ce ec ec ec ec ec ec ec ec ec ec ec ec ec ec ec ec ec ec ec ec ec ec ec ec ec ec ec ec ec ec ec ec ec ec ec ec ec ec ec ec ec ec ec ec ec ec ec ec ec ec ec ec ec ec ec ec ec ec ec ec ec ec ec ec ec ec ec ec ec
cee cee cee cee cee cee cee cee cee cee cee cee cee cee cee cee ece ece ece ece ece ece ece ece ece ece ece ece ece ece eec eec eec eec eec eec eec eec eec eec eec
ceeae eacee ecaee eceae eceea eeace eeace eecea
ceee ceee ceee ceee ecee ecee ecee eece eece eeec
ceeece ceeece ececee
d d d d d d d d d d d d d d d d d d d d d d d d d d d d d d d d d d d d d d d d d d d d d d d d d d d d d d d d d d d d d d d d d d d d d d d d d d d d d d d d d d d d d d d d d d d d d d d d d d d d d d d d d d d d d d d d d d d d d d d d d d d d d d d d d d d d d d d d d d d d d d d d d d d d d d d d d d d d d d d d d d d d d d d d d d d d d d d d d d d d d d d d d d d d d d d d d d d d d d d d d d d d d d d d d d d d d d d d d d d d d d d d d d d d d d d d d d d d d d d d d d d d d d d d d d d d d d d d d d d d d d d d d d d d d d d d d d d d d d d d d d d d d d d d d d d d d d d d d d d d d d d d d d d d d d d d d d d d d d d d d d d d d
dadadd
dadded edaddd
dbbbbd
dbdddd
dbdded dbeddd ddebdd debddd
dcccca
dccdc
dcddbd dddcdb
dcddda dddadc
dd dd dd dd dd dd dd dd dd dd dd dd dd dd dd dd dd dd dd dd dd dd dd dd dd dd dd dd dd dd dd dd dd dd dd dd dd dd dd dd dd dd dd dd dd dd dd dd dd dd dd dd dd dd dd dd dd dd dd dd dd dd dd dd dd dd dd dd dd dd dd dd dd dd dd
ddd ddd ddd ddd ddd ddd ddd ddd ddd ddd ddd ddd ddd
dddbd dddbd
dddcde deddcd dedddc edddcd
dddd dddd dddd
ddde ddde dedd dedd dedd eddd
ddded deddd
dddede dddede eddded eedddd
dde dde dde dde dde dde dde dde dde dde dde dde dde dde dde dde dde dde dde ded ded ded ded ded ded ded ded ded ded ded ded ded edd edd edd edd edd edd edd edd edd edd edd edd edd edd edd
ddee ddee ddee ddee ddee ddee dede dede deed deed deed deed deed deed deed deed edde eded eded eedd eedd
ddeed dedde deded eddde edded
ddeee ddeee deede deeed deeed deeed eedde
de de de de de de de de de de de de de de de de de de de de de de de de de de de de de de de de de de de de de de de de de de de de de de de de de de de de de de de de de de de de de de de de de de de de ed ed ed ed ed ed ed ed ed ed ed ed ed ed ed ed ed ed ed ed ed ed ed ed ed ed ed ed ed ed ed ed ed ed ed ed ed ed ed ed ed ed ed ed ed ed ed ed ed ed ed ed ed ed ed ed ed ed ed ed ed ed ed ed ed ed ed ed ed ed ed ed ed ed
deceed dedeec deedce deeedc eddcee eddeec eecedd eeddec
dee dee dee dee dee dee dee dee dee dee dee dee ede ede ede ede ede ede ede ede ede ede ede ede ede eed eed eed eed eed eed eed eed eed eed
deeded
deee edee edee edee eede eeed eeed eeed
deeee edeee edeee eeede
deeeed ededee eeeedd
e e e e e e e e e e e e e e e e e e e e e e e e e e e e e e e e e e e e e e e e e e e e e e e e e e e e e e e e e e e e e e e e e e e e e e e e e e e e e e e e e e e e e e e e e e e e e e e e e e e e e e e e e e e e e e e e e e e e e e e e e e e e e e e e e e e e e e e e e e e e e e e e e e e e e e e e e e e e e e e e e e e e e e e e e e e e e e e e e e e e e e e e e e e e e e e e e e e e e e e e e e e e e e e e e e e e e e e e e e e e e e e e e e e e e e e e e e e e e e e e e e e e e e e e e e e e e e e e e e e e e e e e e e e e e e e e e e e e e e e e e e e e e e e e e e e e e e e e e e e e e e e e e e e e e e e e e e e e e e e
eaaee eaeae eeaea eeeaa
eaaeee eeeaae
eaeece
ebbbe ebebb
ebedee eedbee eeebde
ebeee eebee eeeeb
ecede eceed edcee edece edeec eecde eedce eeecd eeecd eeedc eeedc
ecedee edceee eecede
eceee eeece
ee ee ee ee ee ee ee ee ee ee ee ee ee ee ee ee ee ee ee ee ee ee ee ee ee ee ee ee ee ee ee ee ee ee ee ee ee ee ee ee ee ee ee ee ee ee ee ee ee ee ee ee ee ee ee ee ee
eeceee
eee eee eee eee eee eee eee eee eee eee eee eee
eeee eeee eeee eeee
eeeeee
